<h1>Posts for skol</h1>
<ul>
	<li><small>02/02/2014</small> about</li>
</ul><a href="topics/skol/3/index.html">Previous</a>