<h1>Posts for skol</h1>
<ul>
	<li><small>07/02/2014</small> test page 2</li>

	<li><small>07/01/2014</small> test json</li>

	<li><small>02/03/2014</small> test</li>

	<li><small>02/02/2014</small> about</li>
</ul>