<h1>Posts for skol</h1>
<ul>
	<li><small>07/02/2014</small> test page 2</li>
</ul><a href="topics/skol/2/index.html">Next</a>