<h1>Posts for this-is</h1>
<ul>
	<li><small>02/03/2014</small> test</li>
</ul>