<h1>Posts for skol</h1>
<ul>
	<li><small>02/03/2014</small> test</li>
</ul><a href="topics/skol/2/index.html">Previous</a><a href="topics/skol/4/index.html">Next</a>