<h1>Posts for skol</h1>
<ul>
	<li><small>07/01/2014</small> test json</li>
</ul><a href="topics/skol/index.html">Previous</a><a href="topics/skol/3/index.html">Next</a>